DEBUG 2026-05-03 22:28:45,513 base Asynchronous handler adapted for middleware whitenoise.middleware.WhiteNoiseMiddleware.
INFO 2026-05-03 22:28:45,519 cli Starting server at tcp:port=8000:interface=0.0.0.0
INFO 2026-05-03 22:28:45,520 server HTTP/2 support not enabled (install the http2 and tls Twisted extras)
INFO 2026-05-03 22:28:45,520 server Configuring endpoint tcp:port=8000:interface=0.0.0.0
INFO 2026-05-03 22:28:45,521 server Listening on TCP address 0.0.0.0:8000
ERROR 2026-05-03 22:30:20,121 http_client HTTP request failed: GET https://api.gologin.com/browser/features/69f58ace196bd80db7411e47/info-for-run - Error: HTTPSConnectionPool(host='api.gologin.com', port=443): Max retries exceeded with url: /browser/features/69f58ace196bd80db7411e47/info-for-run (Caused by SSLError(SSLCertVerificationError(1, '[SSL: CERTIFICATE_VERIFY_FAILED] certificate verify failed: unable to get local issuer certificate (_ssl.c:1081)')))
INFO 2026-05-03 22:30:20,121 http_client Retrying request with alternative URL: https://api.gologin.co/browser/features/69f58ace196bd80db7411e47/info-for-run
ERROR 2026-05-03 22:30:21,152 http_client Retry request also failed: GET https://api.gologin.co/browser/features/69f58ace196bd80db7411e47/info-for-run - Error: HTTPSConnectionPool(host='api.gologin.co', port=443): Max retries exceeded with url: /browser/features/69f58ace196bd80db7411e47/info-for-run (Caused by SSLError(SSLCertVerificationError(1, '[SSL: CERTIFICATE_VERIFY_FAILED] certificate verify failed: unable to get local issuer certificate (_ssl.c:1081)')))
ERROR 2026-05-03 22:30:21,217 views Failed to launch profile 69f58ace196bd80db7411e47: HTTPSConnectionPool(host='api.gologin.co', port=443): Max retries exceeded with url: /browser/features/69f58ace196bd80db7411e47/info-for-run (Caused by SSLError(SSLCertVerificationError(1, '[SSL: CERTIFICATE_VERIFY_FAILED] certificate verify failed: unable to get local issuer certificate (_ssl.c:1081)')))
ERROR 2026-05-03 22:30:21,225 log Internal Server Error: /api/profiles/9/launch/
WARNING 2026-05-03 22:30:21,664 connectionpool Retrying (Retry(total=2, connect=None, read=None, redirect=None, status=None)) after connection broken by 'SSLError(SSLCertVerificationError(1, '[SSL: CERTIFICATE_VERIFY_FAILED] certificate verify failed: Basic Constraints of CA cert not marked critical (_ssl.c:1081)'))': /api/25/envelope/
WARNING 2026-05-03 22:30:22,080 connectionpool Retrying (Retry(total=1, connect=None, read=None, redirect=None, status=None)) after connection broken by 'SSLError(SSLCertVerificationError(1, '[SSL: CERTIFICATE_VERIFY_FAILED] certificate verify failed: Basic Constraints of CA cert not marked critical (_ssl.c:1081)'))': /api/25/envelope/
WARNING 2026-05-03 22:30:22,485 connectionpool Retrying (Retry(total=0, connect=None, read=None, redirect=None, status=None)) after connection broken by 'SSLError(SSLCertVerificationError(1, '[SSL: CERTIFICATE_VERIFY_FAILED] certificate verify failed: Basic Constraints of CA cert not marked critical (_ssl.c:1081)'))': /api/25/envelope/
ERROR 2026-05-03 22:30:38,484 http_client HTTP request failed: GET https://api.gologin.com/browser/features/69f58ace196bd80db7411e56/info-for-run - Error: HTTPSConnectionPool(host='api.gologin.com', port=443): Max retries exceeded with url: /browser/features/69f58ace196bd80db7411e56/info-for-run (Caused by SSLError(SSLCertVerificationError(1, '[SSL: CERTIFICATE_VERIFY_FAILED] certificate verify failed: unable to get local issuer certificate (_ssl.c:1081)')))
INFO 2026-05-03 22:30:38,486 http_client Retrying request with alternative URL: https://api.gologin.co/browser/features/69f58ace196bd80db7411e56/info-for-run
ERROR 2026-05-03 22:30:39,377 http_client Retry request also failed: GET https://api.gologin.co/browser/features/69f58ace196bd80db7411e56/info-for-run - Error: HTTPSConnectionPool(host='api.gologin.co', port=443): Max retries exceeded with url: /browser/features/69f58ace196bd80db7411e56/info-for-run (Caused by SSLError(SSLCertVerificationError(1, '[SSL: CERTIFICATE_VERIFY_FAILED] certificate verify failed: unable to get local issuer certificate (_ssl.c:1081)')))
ERROR 2026-05-03 22:30:39,398 views Failed to launch profile 69f58ace196bd80db7411e56: HTTPSConnectionPool(host='api.gologin.co', port=443): Max retries exceeded with url: /browser/features/69f58ace196bd80db7411e56/info-for-run (Caused by SSLError(SSLCertVerificationError(1, '[SSL: CERTIFICATE_VERIFY_FAILED] certificate verify failed: unable to get local issuer certificate (_ssl.c:1081)')))
ERROR 2026-05-03 22:30:39,402 log Internal Server Error: /api/profiles/10/launch/
WARNING 2026-05-03 22:30:39,810 connectionpool Retrying (Retry(total=2, connect=None, read=None, redirect=None, status=None)) after connection broken by 'SSLError(SSLCertVerificationError(1, '[SSL: CERTIFICATE_VERIFY_FAILED] certificate verify failed: Basic Constraints of CA cert not marked critical (_ssl.c:1081)'))': /api/25/envelope/
WARNING 2026-05-03 22:30:40,209 connectionpool Retrying (Retry(total=1, connect=None, read=None, redirect=None, status=None)) after connection broken by 'SSLError(SSLCertVerificationError(1, '[SSL: CERTIFICATE_VERIFY_FAILED] certificate verify failed: Basic Constraints of CA cert not marked critical (_ssl.c:1081)'))': /api/25/envelope/
WARNING 2026-05-03 22:30:40,599 connectionpool Retrying (Retry(total=0, connect=None, read=None, redirect=None, status=None)) after connection broken by 'SSLError(SSLCertVerificationError(1, '[SSL: CERTIFICATE_VERIFY_FAILED] certificate verify failed: Basic Constraints of CA cert not marked critical (_ssl.c:1081)'))': /api/25/envelope/
ERROR 2026-05-03 22:40:25,736 http_client HTTP request failed: GET https://api.gologin.com/browser/features/69f58ace196bd80db7411e47/info-for-run - Error: HTTPSConnectionPool(host='api.gologin.com', port=443): Max retries exceeded with url: /browser/features/69f58ace196bd80db7411e47/info-for-run (Caused by SSLError(SSLCertVerificationError(1, '[SSL: CERTIFICATE_VERIFY_FAILED] certificate verify failed: unable to get local issuer certificate (_ssl.c:1081)')))
INFO 2026-05-03 22:40:25,738 http_client Retrying request with alternative URL: https://api.gologin.co/browser/features/69f58ace196bd80db7411e47/info-for-run
ERROR 2026-05-03 22:40:26,613 http_client Retry request also failed: GET https://api.gologin.co/browser/features/69f58ace196bd80db7411e47/info-for-run - Error: HTTPSConnectionPool(host='api.gologin.co', port=443): Max retries exceeded with url: /browser/features/69f58ace196bd80db7411e47/info-for-run (Caused by SSLError(SSLCertVerificationError(1, '[SSL: CERTIFICATE_VERIFY_FAILED] certificate verify failed: unable to get local issuer certificate (_ssl.c:1081)')))
ERROR 2026-05-03 22:40:26,632 views Failed to launch profile 69f58ace196bd80db7411e47: HTTPSConnectionPool(host='api.gologin.co', port=443): Max retries exceeded with url: /browser/features/69f58ace196bd80db7411e47/info-for-run (Caused by SSLError(SSLCertVerificationError(1, '[SSL: CERTIFICATE_VERIFY_FAILED] certificate verify failed: unable to get local issuer certificate (_ssl.c:1081)')))
ERROR 2026-05-03 22:40:26,636 log Internal Server Error: /api/profiles/9/launch/
WARNING 2026-05-03 22:40:27,047 connectionpool Retrying (Retry(total=2, connect=None, read=None, redirect=None, status=None)) after connection broken by 'SSLError(SSLCertVerificationError(1, '[SSL: CERTIFICATE_VERIFY_FAILED] certificate verify failed: Basic Constraints of CA cert not marked critical (_ssl.c:1081)'))': /api/25/envelope/
WARNING 2026-05-03 22:40:27,452 connectionpool Retrying (Retry(total=1, connect=None, read=None, redirect=None, status=None)) after connection broken by 'SSLError(SSLCertVerificationError(1, '[SSL: CERTIFICATE_VERIFY_FAILED] certificate verify failed: Basic Constraints of CA cert not marked critical (_ssl.c:1081)'))': /api/25/envelope/
WARNING 2026-05-03 22:40:27,847 connectionpool Retrying (Retry(total=0, connect=None, read=None, redirect=None, status=None)) after connection broken by 'SSLError(SSLCertVerificationError(1, '[SSL: CERTIFICATE_VERIFY_FAILED] certificate verify failed: Basic Constraints of CA cert not marked critical (_ssl.c:1081)'))': /api/25/envelope/
ERROR 2026-05-03 22:45:41,502 http_client HTTP request failed: GET https://api.gologin.com/browser/features/69f58ace196bd80db7411e56/info-for-run - Error: HTTPSConnectionPool(host='api.gologin.com', port=443): Max retries exceeded with url: /browser/features/69f58ace196bd80db7411e56/info-for-run (Caused by SSLError(SSLCertVerificationError(1, '[SSL: CERTIFICATE_VERIFY_FAILED] certificate verify failed: unable to get local issuer certificate (_ssl.c:1081)')))
INFO 2026-05-03 22:45:41,502 http_client Retrying request with alternative URL: https://api.gologin.co/browser/features/69f58ace196bd80db7411e56/info-for-run
ERROR 2026-05-03 22:45:42,429 http_client Retry request also failed: GET https://api.gologin.co/browser/features/69f58ace196bd80db7411e56/info-for-run - Error: HTTPSConnectionPool(host='api.gologin.co', port=443): Max retries exceeded with url: /browser/features/69f58ace196bd80db7411e56/info-for-run (Caused by SSLError(SSLCertVerificationError(1, '[SSL: CERTIFICATE_VERIFY_FAILED] certificate verify failed: unable to get local issuer certificate (_ssl.c:1081)')))
ERROR 2026-05-03 22:45:42,448 views Failed to launch profile 69f58ace196bd80db7411e56: HTTPSConnectionPool(host='api.gologin.co', port=443): Max retries exceeded with url: /browser/features/69f58ace196bd80db7411e56/info-for-run (Caused by SSLError(SSLCertVerificationError(1, '[SSL: CERTIFICATE_VERIFY_FAILED] certificate verify failed: unable to get local issuer certificate (_ssl.c:1081)')))
ERROR 2026-05-03 22:45:42,452 log Internal Server Error: /api/profiles/10/launch/
WARNING 2026-05-03 22:45:42,902 connectionpool Retrying (Retry(total=2, connect=None, read=None, redirect=None, status=None)) after connection broken by 'SSLError(SSLCertVerificationError(1, '[SSL: CERTIFICATE_VERIFY_FAILED] certificate verify failed: Basic Constraints of CA cert not marked critical (_ssl.c:1081)'))': /api/25/envelope/
WARNING 2026-05-03 22:45:43,308 connectionpool Retrying (Retry(total=1, connect=None, read=None, redirect=None, status=None)) after connection broken by 'SSLError(SSLCertVerificationError(1, '[SSL: CERTIFICATE_VERIFY_FAILED] certificate verify failed: Basic Constraints of CA cert not marked critical (_ssl.c:1081)'))': /api/25/envelope/
WARNING 2026-05-03 22:45:43,692 connectionpool Retrying (Retry(total=0, connect=None, read=None, redirect=None, status=None)) after connection broken by 'SSLError(SSLCertVerificationError(1, '[SSL: CERTIFICATE_VERIFY_FAILED] certificate verify failed: Basic Constraints of CA cert not marked critical (_ssl.c:1081)'))': /api/25/envelope/
ERROR 2026-05-04 00:53:41,168 http_client HTTP request failed: GET https://api.gologin.com/browser/features/69f58ace196bd80db7411e47/info-for-run - Error: HTTPSConnectionPool(host='api.gologin.com', port=443): Max retries exceeded with url: /browser/features/69f58ace196bd80db7411e47/info-for-run (Caused by SSLError(SSLCertVerificationError(1, '[SSL: CERTIFICATE_VERIFY_FAILED] certificate verify failed: unable to get local issuer certificate (_ssl.c:1081)')))
INFO 2026-05-04 00:53:41,174 http_client Retrying request with alternative URL: https://api.gologin.co/browser/features/69f58ace196bd80db7411e47/info-for-run
ERROR 2026-05-04 00:53:42,495 http_client Retry request also failed: GET https://api.gologin.co/browser/features/69f58ace196bd80db7411e47/info-for-run - Error: HTTPSConnectionPool(host='api.gologin.co', port=443): Max retries exceeded with url: /browser/features/69f58ace196bd80db7411e47/info-for-run (Caused by SSLError(SSLCertVerificationError(1, '[SSL: CERTIFICATE_VERIFY_FAILED] certificate verify failed: unable to get local issuer certificate (_ssl.c:1081)')))
ERROR 2026-05-04 00:53:42,608 views Failed to launch profile 69f58ace196bd80db7411e47: HTTPSConnectionPool(host='api.gologin.co', port=443): Max retries exceeded with url: /browser/features/69f58ace196bd80db7411e47/info-for-run (Caused by SSLError(SSLCertVerificationError(1, '[SSL: CERTIFICATE_VERIFY_FAILED] certificate verify failed: unable to get local issuer certificate (_ssl.c:1081)')))
ERROR 2026-05-04 00:53:42,621 log Internal Server Error: /api/profiles/9/launch/
WARNING 2026-05-04 00:53:43,536 connectionpool Retrying (Retry(total=2, connect=None, read=None, redirect=None, status=None)) after connection broken by 'SSLError(SSLCertVerificationError(1, '[SSL: CERTIFICATE_VERIFY_FAILED] certificate verify failed: Basic Constraints of CA cert not marked critical (_ssl.c:1081)'))': /api/25/envelope/
WARNING 2026-05-04 00:53:44,334 connectionpool Retrying (Retry(total=1, connect=None, read=None, redirect=None, status=None)) after connection broken by 'SSLError(SSLCertVerificationError(1, '[SSL: CERTIFICATE_VERIFY_FAILED] certificate verify failed: Basic Constraints of CA cert not marked critical (_ssl.c:1081)'))': /api/25/envelope/
WARNING 2026-05-04 00:53:45,051 connectionpool Retrying (Retry(total=0, connect=None, read=None, redirect=None, status=None)) after connection broken by 'SSLError(SSLCertVerificationError(1, '[SSL: CERTIFICATE_VERIFY_FAILED] certificate verify failed: Basic Constraints of CA cert not marked critical (_ssl.c:1081)'))': /api/25/envelope/
ERROR 2026-05-04 00:53:49,863 http_client HTTP request failed: GET https://api.gologin.com/browser/features/69f58ace196bd80db7411e56/info-for-run - Error: HTTPSConnectionPool(host='api.gologin.com', port=443): Max retries exceeded with url: /browser/features/69f58ace196bd80db7411e56/info-for-run (Caused by SSLError(SSLCertVerificationError(1, '[SSL: CERTIFICATE_VERIFY_FAILED] certificate verify failed: unable to get local issuer certificate (_ssl.c:1081)')))
INFO 2026-05-04 00:53:49,866 http_client Retrying request with alternative URL: https://api.gologin.co/browser/features/69f58ace196bd80db7411e56/info-for-run
ERROR 2026-05-04 00:53:50,976 http_client Retry request also failed: GET https://api.gologin.co/browser/features/69f58ace196bd80db7411e56/info-for-run - Error: HTTPSConnectionPool(host='api.gologin.co', port=443): Max retries exceeded with url: /browser/features/69f58ace196bd80db7411e56/info-for-run (Caused by SSLError(SSLCertVerificationError(1, '[SSL: CERTIFICATE_VERIFY_FAILED] certificate verify failed: unable to get local issuer certificate (_ssl.c:1081)')))
ERROR 2026-05-04 00:53:51,012 views Failed to launch profile 69f58ace196bd80db7411e56: HTTPSConnectionPool(host='api.gologin.co', port=443): Max retries exceeded with url: /browser/features/69f58ace196bd80db7411e56/info-for-run (Caused by SSLError(SSLCertVerificationError(1, '[SSL: CERTIFICATE_VERIFY_FAILED] certificate verify failed: unable to get local issuer certificate (_ssl.c:1081)')))
ERROR 2026-05-04 00:53:51,022 log Internal Server Error: /api/profiles/10/launch/
WARNING 2026-05-04 00:53:51,810 connectionpool Retrying (Retry(total=2, connect=None, read=None, redirect=None, status=None)) after connection broken by 'SSLError(SSLCertVerificationError(1, '[SSL: CERTIFICATE_VERIFY_FAILED] certificate verify failed: Basic Constraints of CA cert not marked critical (_ssl.c:1081)'))': /api/25/envelope/
WARNING 2026-05-04 00:53:52,628 connectionpool Retrying (Retry(total=1, connect=None, read=None, redirect=None, status=None)) after connection broken by 'SSLError(SSLCertVerificationError(1, '[SSL: CERTIFICATE_VERIFY_FAILED] certificate verify failed: Basic Constraints of CA cert not marked critical (_ssl.c:1081)'))': /api/25/envelope/
WARNING 2026-05-04 00:53:53,344 connectionpool Retrying (Retry(total=0, connect=None, read=None, redirect=None, status=None)) after connection broken by 'SSLError(SSLCertVerificationError(1, '[SSL: CERTIFICATE_VERIFY_FAILED] certificate verify failed: Basic Constraints of CA cert not marked critical (_ssl.c:1081)'))': /api/25/envelope/
INFO 2026-05-04 02:30:43,619 consumers Extension connected — profile 69f58ace196bd80db7411e6f
INFO 2026-05-04 02:30:43,697 consumers Profile 69f58ace196bd80db7411e6f registered
INFO 2026-05-04 02:51:07,522 gologin_manager Profile 69f58ace196bd80db7411e58 stopped
INFO 2026-05-04 02:51:09,087 gologin_manager Profile 69f58ace196bd80db7411e6f stopped
INFO 2026-05-04 02:51:11,676 gologin_manager Profile 69f58ace196bd80db7411e65 stopped
ERROR 2026-05-04 02:51:17,145 http_client HTTP request failed: GET https://api.gologin.com/browser/features/69f58ace196bd80db7411e6f/info-for-run - Error: HTTPSConnectionPool(host='api.gologin.com', port=443): Max retries exceeded with url: /browser/features/69f58ace196bd80db7411e6f/info-for-run (Caused by SSLError(SSLCertVerificationError(1, '[SSL: CERTIFICATE_VERIFY_FAILED] certificate verify failed: unable to get local issuer certificate (_ssl.c:1081)')))
INFO 2026-05-04 02:51:17,147 http_client Retrying request with alternative URL: https://api.gologin.co/browser/features/69f58ace196bd80db7411e6f/info-for-run
ERROR 2026-05-04 02:51:18,209 http_client Retry request also failed: GET https://api.gologin.co/browser/features/69f58ace196bd80db7411e6f/info-for-run - Error: HTTPSConnectionPool(host='api.gologin.co', port=443): Max retries exceeded with url: /browser/features/69f58ace196bd80db7411e6f/info-for-run (Caused by SSLError(SSLCertVerificationError(1, '[SSL: CERTIFICATE_VERIFY_FAILED] certificate verify failed: unable to get local issuer certificate (_ssl.c:1081)')))
ERROR 2026-05-04 02:51:18,233 views Failed to launch profile 69f58ace196bd80db7411e6f: HTTPSConnectionPool(host='api.gologin.co', port=443): Max retries exceeded with url: /browser/features/69f58ace196bd80db7411e6f/info-for-run (Caused by SSLError(SSLCertVerificationError(1, '[SSL: CERTIFICATE_VERIFY_FAILED] certificate verify failed: unable to get local issuer certificate (_ssl.c:1081)')))
ERROR 2026-05-04 02:51:18,238 log Internal Server Error: /api/profiles/11/launch/
WARNING 2026-05-04 02:51:18,921 connectionpool Retrying (Retry(total=2, connect=None, read=None, redirect=None, status=None)) after connection broken by 'SSLError(SSLCertVerificationError(1, '[SSL: CERTIFICATE_VERIFY_FAILED] certificate verify failed: Basic Constraints of CA cert not marked critical (_ssl.c:1081)'))': /api/25/envelope/
WARNING 2026-05-04 02:51:19,346 connectionpool Retrying (Retry(total=1, connect=None, read=None, redirect=None, status=None)) after connection broken by 'SSLError(SSLCertVerificationError(1, '[SSL: CERTIFICATE_VERIFY_FAILED] certificate verify failed: Basic Constraints of CA cert not marked critical (_ssl.c:1081)'))': /api/25/envelope/
WARNING 2026-05-04 02:51:19,764 connectionpool Retrying (Retry(total=0, connect=None, read=None, redirect=None, status=None)) after connection broken by 'SSLError(SSLCertVerificationError(1, '[SSL: CERTIFICATE_VERIFY_FAILED] certificate verify failed: Basic Constraints of CA cert not marked critical (_ssl.c:1081)'))': /api/25/envelope/
