[2026-05-10 03:17:44,052: INFO/MainProcess] Connected to redis://localhost:6379/0
[2026-05-10 03:17:46,088: INFO/MainProcess] mingle: searching for neighbors
[2026-05-10 03:17:53,232: WARNING/MainProcess] C:\Users\admin\Desktop\Backend\venv\Lib\site-packages\celery\app\control.py:56: DuplicateNodenameWarning: Received multiple replies from node name: celery@DESKTOP-AL8P1A2.
Please make sure you give each node a unique nodename using
the celery worker `-n` option.
  warnings.warn(DuplicateNodenameWarning(

[2026-05-10 03:17:53,232: INFO/MainProcess] mingle: all alone
[2026-05-10 03:18:03,440: INFO/MainProcess] celery@DESKTOP-AL8P1A2 ready.
[2026-05-11 05:57:04,162: INFO/MainProcess] Connected to redis://localhost:6379/0
[2026-05-11 05:57:06,195: INFO/MainProcess] mingle: searching for neighbors
[2026-05-11 05:57:13,326: INFO/MainProcess] mingle: all alone
[2026-05-11 05:57:23,461: INFO/MainProcess] retry@DESKTOP-AL8P1A2 ready.
[2026-05-11 05:58:54,416: INFO/MainProcess] missed heartbeat from campaign@DESKTOP-AL8P1A2
[2026-05-11 05:59:04,312: INFO/MainProcess] sync with incoming@DESKTOP-AL8P1A2
[2026-05-11 05:59:06,717: INFO/MainProcess] sync with celery@DESKTOP-AL8P1A2
[2026-05-11 05:59:54,422: INFO/MainProcess] missed heartbeat from celery@DESKTOP-AL8P1A2
[2026-05-11 06:00:54,426: INFO/MainProcess] missed heartbeat from celery@DESKTOP-AL8P1A2
[2026-05-11 06:00:59,427: INFO/MainProcess] missed heartbeat from campaign@DESKTOP-AL8P1A2
[2026-05-11 06:01:54,431: INFO/MainProcess] missed heartbeat from campaign@DESKTOP-AL8P1A2
[2026-05-11 06:01:59,432: INFO/MainProcess] missed heartbeat from celery@DESKTOP-AL8P1A2
[2026-05-11 06:01:59,432: INFO/MainProcess] missed heartbeat from campaign@DESKTOP-AL8P1A2
[2026-05-11 06:02:59,437: INFO/MainProcess] missed heartbeat from celery@DESKTOP-AL8P1A2
[2026-05-11 06:03:53,162: INFO/MainProcess] missed heartbeat from campaign@DESKTOP-AL8P1A2
[2026-05-11 06:03:53,162: INFO/MainProcess] missed heartbeat from celery@DESKTOP-AL8P1A2
[2026-05-11 06:04:03,163: INFO/MainProcess] missed heartbeat from campaign@DESKTOP-AL8P1A2
[2026-05-11 06:04:53,167: INFO/MainProcess] missed heartbeat from celery@DESKTOP-AL8P1A2
[2026-05-11 06:04:53,167: INFO/MainProcess] missed heartbeat from campaign@DESKTOP-AL8P1A2
[2026-05-11 06:05:03,168: INFO/MainProcess] missed heartbeat from campaign@DESKTOP-AL8P1A2
[2026-05-11 06:05:08,169: INFO/MainProcess] missed heartbeat from celery@DESKTOP-AL8P1A2
[2026-05-11 06:05:53,174: INFO/MainProcess] missed heartbeat from campaign@DESKTOP-AL8P1A2
[2026-05-11 06:05:53,175: INFO/MainProcess] missed heartbeat from celery@DESKTOP-AL8P1A2
[2026-05-11 06:05:58,175: INFO/MainProcess] missed heartbeat from campaign@DESKTOP-AL8P1A2
[2026-05-11 06:06:03,176: INFO/MainProcess] missed heartbeat from celery@DESKTOP-AL8P1A2
[2026-05-11 06:06:53,180: INFO/MainProcess] missed heartbeat from celery@DESKTOP-AL8P1A2
[2026-05-11 06:07:03,181: INFO/MainProcess] missed heartbeat from campaign@DESKTOP-AL8P1A2
[2026-05-11 06:07:03,181: INFO/MainProcess] missed heartbeat from celery@DESKTOP-AL8P1A2
[2026-05-11 06:07:13,182: INFO/MainProcess] missed heartbeat from campaign@DESKTOP-AL8P1A2
[2026-05-11 06:07:13,183: INFO/MainProcess] missed heartbeat from celery@DESKTOP-AL8P1A2
[2026-05-11 06:07:48,185: INFO/MainProcess] missed heartbeat from celery@DESKTOP-AL8P1A2
[2026-05-11 06:07:53,186: INFO/MainProcess] missed heartbeat from campaign@DESKTOP-AL8P1A2
[2026-05-11 06:08:03,187: INFO/MainProcess] missed heartbeat from celery@DESKTOP-AL8P1A2
[2026-05-11 06:08:03,187: INFO/MainProcess] missed heartbeat from campaign@DESKTOP-AL8P1A2
[2026-05-11 06:08:13,188: INFO/MainProcess] missed heartbeat from campaign@DESKTOP-AL8P1A2
[2026-05-11 06:08:18,189: INFO/MainProcess] missed heartbeat from celery@DESKTOP-AL8P1A2
[2026-05-11 18:08:00,115: INFO/MainProcess] Connected to redis://localhost:6379/0
[2026-05-11 18:08:02,172: INFO/MainProcess] mingle: searching for neighbors
[2026-05-11 18:08:09,319: INFO/MainProcess] mingle: all alone
[2026-05-11 18:08:19,533: INFO/MainProcess] retry@DESKTOP-AL8P1A2 ready.
[2026-05-11 18:09:32,305: INFO/MainProcess] Connected to redis://localhost:6379/0
[2026-05-11 18:09:34,338: INFO/MainProcess] mingle: searching for neighbors
[2026-05-11 18:09:41,503: INFO/MainProcess] mingle: all alone
[2026-05-11 18:09:51,752: INFO/MainProcess] retry@DESKTOP-AL8P1A2 ready.
[2026-05-11 18:44:34,343: INFO/MainProcess] missed heartbeat from campaign@DESKTOP-AL8P1A2
[2026-05-11 18:44:34,344: INFO/MainProcess] missed heartbeat from default@DESKTOP-AL8P1A2
[2026-05-11 18:44:34,344: INFO/MainProcess] missed heartbeat from incoming@DESKTOP-AL8P1A2
[2026-05-11 18:49:29,389: INFO/MainProcess] missed heartbeat from default@DESKTOP-AL8P1A2
[2026-05-11 19:08:51,699: INFO/MainProcess] Connected to redis://localhost:6379/0
[2026-05-11 19:08:55,792: INFO/MainProcess] mingle: searching for neighbors
[2026-05-11 19:09:02,950: INFO/MainProcess] mingle: sync with 1 nodes
[2026-05-11 19:09:02,950: INFO/MainProcess] mingle: sync complete
[2026-05-11 19:09:11,146: INFO/MainProcess] retry@DESKTOP-AL8P1A2 ready.
[2026-05-11 19:15:14,126: INFO/MainProcess] missed heartbeat from default@DESKTOP-AL8P1A2
[2026-05-11 19:24:44,184: INFO/MainProcess] missed heartbeat from default@DESKTOP-AL8P1A2
[2026-05-11 19:44:20,181: INFO/MainProcess] Task messaging.run_campaign[1d6fa102-9a80-470c-8e4e-4e6c57c145a5] received
[2026-05-11 19:51:20,379: INFO/MainProcess] Task messaging.run_campaign[1d6fa102-9a80-470c-8e4e-4e6c57c145a5] received
[2026-05-11 19:51:20,397: INFO/MainProcess] Task messaging.run_campaign[1d6fa102-9a80-470c-8e4e-4e6c57c145a5] retry: Retry in 120s
[2026-05-11 20:34:29,073: WARNING/MainProcess] Traceback (most recent call last):
[2026-05-11 20:34:29,074: WARNING/MainProcess]   File "C:\Users\admin\Desktop\Backend\venv\Lib\site-packages\celery\worker\worker.py", line 203, in start
    self.blueprint.start(self)
    ~~~~~~~~~~~~~~~~~~~~^^^^^^
[2026-05-11 20:34:29,075: WARNING/MainProcess]   File "C:\Users\admin\Desktop\Backend\venv\Lib\site-packages\celery\bootsteps.py", line 116, in start
    step.start(parent)
    ~~~~~~~~~~^^^^^^^^
[2026-05-11 20:34:29,075: WARNING/MainProcess]   File "C:\Users\admin\Desktop\Backend\venv\Lib\site-packages\celery\bootsteps.py", line 365, in start
    return self.obj.start()
           ~~~~~~~~~~~~~~^^
[2026-05-11 20:34:29,075: WARNING/MainProcess]   File "C:\Users\admin\Desktop\Backend\venv\Lib\site-packages\celery\worker\consumer\consumer.py", line 346, in start
    blueprint.start(self)
    ~~~~~~~~~~~~~~~^^^^^^
[2026-05-11 20:34:29,075: WARNING/MainProcess]   File "C:\Users\admin\Desktop\Backend\venv\Lib\site-packages\celery\bootsteps.py", line 116, in start
    step.start(parent)
    ~~~~~~~~~~^^^^^^^^
[2026-05-11 20:34:29,075: WARNING/MainProcess]   File "C:\Users\admin\Desktop\Backend\venv\Lib\site-packages\celery\worker\consumer\consumer.py", line 788, in start
    c.loop(*c.loop_args())
    ~~~~~~^^^^^^^^^^^^^^^^
[2026-05-11 20:34:29,075: WARNING/MainProcess]   File "C:\Users\admin\Desktop\Backend\venv\Lib\site-packages\celery\worker\loops.py", line 166, in synloop
    state.maybe_shutdown()
    ~~~~~~~~~~~~~~~~~~~~^^
[2026-05-11 20:34:29,075: WARNING/MainProcess]   File "C:\Users\admin\Desktop\Backend\venv\Lib\site-packages\celery\worker\state.py", line 93, in maybe_shutdown
    raise WorkerShutdown(should_stop)
[2026-05-11 20:34:29,075: WARNING/MainProcess] celery.exceptions.WorkerShutdown: 1
[2026-05-11 20:34:29,075: WARNING/MainProcess] 
During handling of the above exception, another exception occurred:
[2026-05-11 20:34:29,075: WARNING/MainProcess] Traceback (most recent call last):
[2026-05-11 20:34:29,077: WARNING/MainProcess]   File "<frozen runpy>", line 198, in _run_module_as_main
[2026-05-11 20:34:29,077: WARNING/MainProcess]   File "<frozen runpy>", line 88, in _run_code
[2026-05-11 20:34:29,077: WARNING/MainProcess]   File "C:\Users\admin\Desktop\Backend_modular\venv\Scripts\celery.exe\__main__.py", line 5, in <module>
    sys.exit(main())
             ~~~~^^
[2026-05-11 20:34:29,078: WARNING/MainProcess]   File "C:\Users\admin\Desktop\Backend\venv\Lib\site-packages\celery\__main__.py", line 15, in main
    sys.exit(_main())
             ~~~~~^^
[2026-05-11 20:34:29,078: WARNING/MainProcess]   File "C:\Users\admin\Desktop\Backend\venv\Lib\site-packages\celery\bin\celery.py", line 227, in main
    return celery(auto_envvar_prefix="CELERY")
[2026-05-11 20:34:29,078: WARNING/MainProcess]   File "C:\Users\admin\Desktop\Backend\venv\Lib\site-packages\click\core.py", line 1514, in __call__
    return self.main(*args, **kwargs)
           ~~~~~~~~~^^^^^^^^^^^^^^^^^
[2026-05-11 20:34:29,078: WARNING/MainProcess]   File "C:\Users\admin\Desktop\Backend\venv\Lib\site-packages\click\core.py", line 1435, in main
    rv = self.invoke(ctx)
[2026-05-11 20:34:29,078: WARNING/MainProcess]   File "C:\Users\admin\Desktop\Backend\venv\Lib\site-packages\click\core.py", line 1902, in invoke
    return _process_result(sub_ctx.command.invoke(sub_ctx))
                           ~~~~~~~~~~~~~~~~~~~~~~^^^^^^^^^
[2026-05-11 20:34:29,078: WARNING/MainProcess]   File "C:\Users\admin\Desktop\Backend\venv\Lib\site-packages\click\core.py", line 1298, in invoke
    return ctx.invoke(self.callback, **ctx.params)
           ~~~~~~~~~~^^^^^^^^^^^^^^^^^^^^^^^^^^^^^
[2026-05-11 20:34:29,078: WARNING/MainProcess]   File "C:\Users\admin\Desktop\Backend\venv\Lib\site-packages\click\core.py", line 853, in invoke
    return callback(*args, **kwargs)
[2026-05-11 20:34:29,078: WARNING/MainProcess]   File "C:\Users\admin\Desktop\Backend\venv\Lib\site-packages\click\decorators.py", line 34, in new_func
    return f(get_current_context(), *args, **kwargs)
[2026-05-11 20:34:29,078: WARNING/MainProcess]   File "C:\Users\admin\Desktop\Backend\venv\Lib\site-packages\celery\bin\base.py", line 158, in caller
    return f(ctx, *args, **kwargs)
[2026-05-11 20:34:29,078: WARNING/MainProcess]   File "C:\Users\admin\Desktop\Backend\venv\Lib\site-packages\celery\bin\worker.py", line 367, in worker
    worker.start()
    ~~~~~~~~~~~~^^
[2026-05-11 20:34:29,078: WARNING/MainProcess]   File "C:\Users\admin\Desktop\Backend\venv\Lib\site-packages\celery\worker\worker.py", line 210, in start
    self.stop(exitcode=exc.code)
    ~~~~~~~~~^^^^^^^^^^^^^^^^^^^
[2026-05-11 20:34:29,078: WARNING/MainProcess]   File "C:\Users\admin\Desktop\Backend\venv\Lib\site-packages\celery\worker\worker.py", line 251, in stop
    self._shutdown(warm=True)
    ~~~~~~~~~~~~~~^^^^^^^^^^^
[2026-05-11 20:34:29,078: WARNING/MainProcess]   File "C:\Users\admin\Desktop\Backend\venv\Lib\site-packages\celery\worker\worker.py", line 266, in _shutdown
    self.blueprint.stop(self, terminate=not warm)
    ~~~~~~~~~~~~~~~~~~~^^^^^^^^^^^^^^^^^^^^^^^^^^
[2026-05-11 20:34:29,079: WARNING/MainProcess]   File "C:\Users\admin\Desktop\Backend\venv\Lib\site-packages\celery\bootsteps.py", line 174, in stop
    self.on_stopped()
    ~~~~~~~~~~~~~~~^^
[2026-05-11 20:34:29,079: WARNING/MainProcess]   File "C:\Users\admin\Desktop\Backend\venv\Lib\site-packages\celery\worker\worker.py", line 161, in on_stopped
    self.timer.stop()
    ~~~~~~~~~~~~~~~^^
[2026-05-11 20:34:29,079: WARNING/MainProcess]   File "C:\Users\admin\Desktop\Backend\venv\Lib\site-packages\celery\utils\timer2.py", line 106, in stop
    self.__is_stopped.wait()
    ~~~~~~~~~~~~~~~~~~~~~~^^
[2026-05-11 20:34:29,079: WARNING/MainProcess]   File "C:\Users\admin\AppData\Local\Programs\Python\Python314\Lib\threading.py", line 670, in wait
    signaled = self._cond.wait(timeout)
[2026-05-11 20:34:29,079: WARNING/MainProcess]   File "C:\Users\admin\AppData\Local\Programs\Python\Python314\Lib\threading.py", line 369, in wait
    waiter.acquire()
    ~~~~~~~~~~~~~~^^
[2026-05-11 20:34:29,079: WARNING/MainProcess]   File "C:\Users\admin\Desktop\Backend\venv\Lib\site-packages\celery\apps\worker.py", line 306, in _handle_request
    callback(worker)
    ~~~~~~~~^^^^^^^^
[2026-05-11 20:34:29,079: WARNING/MainProcess]   File "C:\Users\admin\Desktop\Backend\venv\Lib\site-packages\celery\apps\worker.py", line 423, in on_cold_shutdown
    worker.consumer.cancel_active_requests()
    ~~~~~~~~~~~~~~~~~~~~~~~~~~~~~~~~~~~~~~^^
[2026-05-11 20:34:29,079: WARNING/MainProcess]   File "C:\Users\admin\Desktop\Backend\venv\Lib\site-packages\celery\worker\consumer\consumer.py", line 773, in cancel_active_requests
    request.cancel(self.pool, emit_retry=emit_retry)
    ~~~~~~~~~~~~~~^^^^^^^^^^^^^^^^^^^^^^^^^^^^^^^^^^
[2026-05-11 20:34:29,079: WARNING/MainProcess]   File "C:\Users\admin\Desktop\Backend\venv\Lib\site-packages\celery\worker\request.py", line 431, in cancel
    pool.terminate_job(self.worker_pid, signal)
    ~~~~~~~~~~~~~~~~~~^^^^^^^^^^^^^^^^^^^^^^^^^
[2026-05-11 20:34:29,079: WARNING/MainProcess]   File "C:\Users\admin\Desktop\Backend\venv\Lib\site-packages\celery\concurrency\base.py", line 113, in terminate_job
    raise NotImplementedError(
        f'{type(self)} does not implement kill_job')
[2026-05-11 20:34:29,080: WARNING/MainProcess] NotImplementedError: <class 'celery.concurrency.solo.TaskPool'> does not implement kill_job
[2026-05-12 02:57:44,571: INFO/MainProcess] Connected to redis://localhost:6379/0
[2026-05-12 02:57:48,627: INFO/MainProcess] mingle: searching for neighbors
[2026-05-12 02:57:55,726: INFO/MainProcess] mingle: all alone
[2026-05-12 02:58:03,883: INFO/MainProcess] retry@DESKTOP-AL8P1A2 ready.
[2026-05-12 02:58:12,767: INFO/MainProcess] missed heartbeat from default@DESKTOP-AL8P1A2
